  Wed Jan  5 2022 21:39                                                Page 1


                     ***************************************
                     **      WDC 65C816 Macro Assembler   **
                     **                                   **
                     **     Version 3.49.1- Feb  6 2006    **
                     ***************************************

     1                        STARTUP SECTION
     2                        
     3                        ;;;;;;;;;;;;;;;;;;;;;;;;;;;;;;;;;;;;;;;
     4                        
     5                        
     6                        FUNCTION_CALL MACRO SUBROUTINE, LOCAL_SIZE
     7                        	JSR SUBROUTINE
     8                        	PHA				;push accumulato
                    r
     9                        	PHX				;push x index
    10                        	PHY				;push y index
    11                        	PHD				;push direct pag
                    e
    12                        	PHP				;push processor 
                    status bits
    13                        	REP 	#$20	;16 bit memory
    14                        	LONGA	ON
    15                        	TSC				;transfer stack 
                    pointer to accumulator
    16                        	SEC				;carry = 1
    17                        	SBC 	LOCAL_SIZE	;accumulator = accumulat
                    or - LOCAL_SIZE - 1 + carry 
    18                        	TCS				;transfer accumu
                    lator to stack pointer
    19                        	DEC				;accumulator--
    20                        	TCD				;transfer accumu
                    lator to direct page
    21                        	ENDM
    22                        
    23                        FUNCTION_RETURN MACRO LOCAL_SIZE
    24                        	REP 	#$20	;16 bit memory
    25                        	LONGA	ON
    26                        	TSC
    27                        	CLC				;carry = 0
    28                        	ADC 	LOCAL_SIZE	;accumulator = accumulat
                    or + LOCAL_SIZE + carry 
    29                        	TCS
    30                        	PLP				;pull processor 
                    status bits
    31                        	PLD				;pull direct pag
                    e
    32                        	PLY
    33                        	PLX
    34                        	PLA
    35                        	RTS				;return from sub
                    routine
    36                        	ENDM
    37                        	
    38                        	ORG $4000
    39                        START:
    40 00:4000: AD FC FF     	LDA		$FFFC
    41 00:4003: C9 2B E1     	CMP		#$E12B
  Wed Jan  5 2022 21:39                                                Page 2


    42                        	
    43 00:4006: F0 02        	BEQ		ABSOLUTE_LONG_READ_OKAY
    44 00:4008: 00 00        	BRK
    45                        ABSOLUTE_LONG_READ_OKAY:
    46                        
    47 00:400A: E2 20        	SEP		#$20	;8 bit memory
    48                        	LONGA	OFF
    49                        	
    50 00:400C: A9 A4        	LDA		#$A4
    51 00:400E: 8D 00 78     	STA		$7800
    52                        	
    53 00:4011: A9 CC        	LDA		#$CC
    54 00:4013: AD 00 78     	LDA		$7800
    55                        
    56 00:4016: A9 FF        	LDA		#$FF	;user program 0 (0xFF - 
                    user program ID)
    57 00:4018: 8D 00 77     	STA		$7700
    58                        	
    59 00:401B: A9 02        	LDA		#$02
    60 00:401D: 8F 00 FF 01  	STA		$01FF00	;remap user progream 0xF
                    F, bank 0x00 to real bank 0x02
    61 00:4021: A9 03        	LDA		#$03
    62 00:4023: 8F 01 FF 01  	STA		$01FF01	;remap user progream 0xF
                    F, bank 0x01 to real bank 0x03
    63                        	
    64 00:4027: A9 00        	LDA		#$00
    65 00:4029: 48           	PHA				;push progream c
                    ounter bank
    66 00:402A: A9 04        	LDA		#$04
    67 00:402C: 48           	PHA				;push progream c
                    ounter high-byte
    68 00:402D: A9 1C        	LDA		#$1C
    69 00:402F: 48           	PHA				;push progream c
                    ounter low-byte
    70 00:4030: 08           	PHP				;push processor 
                    status
    71                        
    72 00:4031: C2 20        	REP		#$20	;16 bit memory
    73                        	LONGA	ON
    74                        	
    75 00:4033: 40           	RTI
    76                        
    77                        
    78                        ;;;;;;;;;;;;;;;;;;;;;;;;;;;;;;;;;;;;;;;	
    79                        	
    80                        	ORG $E12B
    81                        RESET:
    82 00:E12B: 18           	CLC	     		;clear carry
    83 00:E12C: FB           	XCE	     		;clear emulation
    84 00:E12D: C2 30        	REP		#$30    ;16 bit registers
    85                        	LONGI 	ON
    86                        	LONGA	ON
    87 00:E12F: A9 FF 01     	LDA		#$01FF  ;get the stack address
    88 00:E132: 1B           	TCS	     		;and set the stack to it
    89                        
    90 00:E133: E2 20        	SEP		#$20	;8 bit memory
    91                        	LONGA 	OFF
    92 00:E135: A9 00        	LDA 	#$00	;get bank of data
  Wed Jan  5 2022 21:39                                                Page 3


    93 00:E137: 48           	PHA
    94 00:E138: AB           	PLB	     		;set data bank register
    95 00:E139: C2 20        	REP		#$20    ;back to 16 bit mode
    96                        	LONGA	ON
    97                        
    98 00:E13B: 5C 00 40 00  	JML  	START	;long jump in case not bank 0
    99                        
   100                        IRQ:
   101 00:E13F: 8B           	PHB				;save DB
   102 00:E140: 0B           	PHD				;save DP
   103 00:E141: C2 30        	REP		#$30	;16 bit registers
   104                        	LONGI 	ON
   105                        	LONGA	ON
   106 00:E143: 48           	PHA				;save A
   107 00:E144: DA           	PHX				;save X
   108 00:E145: 5A           	PHY 			;save Y
   109                        	
   110 00:E146: 80 2D        	BRA 	EXIT_INTERRUPT 
   111                        
   112                        NMI:
   113 00:E148: 8B           	PHB				;save DB
   114 00:E149: 0B           	PHD				;save DP
   115 00:E14A: C2 30        	REP		#$30	;16 bit registers
   116                        	LONGI 	ON
   117                        	LONGA	ON
   118 00:E14C: 48           	PHA				;save A
   119 00:E14D: DA           	PHX				;save X
   120 00:E14E: 5A           	PHY 			;save Y
   121                        
   122 00:E14F: 80 24        	BRA 	EXIT_INTERRUPT 
   123                        
   124                        ABORT:
   125 00:E151: 8B           	PHB				;save DB
   126 00:E152: 0B           	PHD				;save DP
   127 00:E153: C2 30        	REP		#$30	;16 bit registers
   128                        	LONGI 	ON
   129                        	LONGA	ON
   130 00:E155: 48           	PHA				;save A
   131 00:E156: DA           	PHX				;save X
   132 00:E157: 5A           	PHY 			;save Y
   133                        
   134 00:E158: 80 1B        	BRA 	EXIT_INTERRUPT 
   135                        
   136                        COP:
   137 00:E15A: 8B           	PHB				;save DB
   138 00:E15B: 0B           	PHD				;save DP
   139 00:E15C: C2 30        	REP		#$30	;16 bit registers
   140                        	LONGI 	ON
   141                        	LONGA	ON
   142 00:E15E: 48           	PHA				;save A
   143 00:E15F: DA           	PHX				;save X
   144 00:E160: 5A           	PHY 			;save Y
   145                        
   146 00:E161: 80 12        	BRA 	EXIT_INTERRUPT 
   147                        
   148                        BRK:
   149 00:E163: 8B           	PHB				;save DB
   150 00:E164: 0B           	PHD				;save DP
  Wed Jan  5 2022 21:39                                                Page 4


   151 00:E165: C2 30        	REP		#$30	;16 bit registers
   152                        	LONGI 	ON
   153                        	LONGA	ON
   154 00:E167: 48           	PHA				;save A
   155 00:E168: DA           	PHX				;save X
   156 00:E169: 5A           	PHY 			;save Y
   157                        
   158 00:E16A: 80 09        	BRA 	EXIT_INTERRUPT 
   159                        
   160                        EMU:
   161 00:E16C: 8B           	PHB				;save DB
   162 00:E16D: 0B           	PHD				;save DP
   163 00:E16E: C2 30        	REP		#$30	;16 bit registers
   164                        	LONGI 	ON
   165                        	LONGA	ON
   166 00:E170: 48           	PHA				;save A
   167 00:E171: DA           	PHX				;save X
   168 00:E172: 5A           	PHY 			;save Y
   169                        
   170 00:E173: 80 00        	BRA 	EXIT_INTERRUPT 
   171                        
   172                        EXIT_INTERRUPT:
   173 00:E175: C2 30        	REP	#$30		;16 bit registers
   174                        	LONGI 	ON
   175                        	LONGA	ON
   176 00:E177: 7A           	PLY             ;restore Y
   177 00:E178: FA               PLX             ;restore X
   178 00:E179: 68               PLA             ;restore A
   179 00:E17A: 2B               PLD             ;restore DP
   180 00:E17B: AB               PLB             ;restore DB
   181 00:E17C: 40           	RTI
   182                        	
   183                        	
   184                        ; This section defines the interrupt and reset vec
                    tors.    
   185                        
   186                        	ORG	$FFE4
   187                        
   188 00:FFE4: 5A E1        N_COP   DW    COP
   189 00:FFE6: 63 E1        N_BRK   DW    BRK
   190 00:FFE8: 51 E1        N_ABORT DW    ABORT
   191 00:FFEA: 48 E1        N_NMI   DW    NMI
   192 00:FFEC: 00 00        N_RSRVD DW    0
   193 00:FFEE: 3F E1        N_IRQ   DW    IRQ
   194                        
   195                        	ORG	$FFF4
   196 00:FFF4: 6C E1        E_COP   DW    EMU
   197 00:FFF6: 00 00        E_RSRVD DW    0
   198 00:FFF8: 6C E1        E_ABORT DW    EMU
   199 00:FFFA: 6C E1        E_NMI   DW    EMU
   200 00:FFFC: 2B E1        E_RESET DW    RESET
   201 00:FFFE: 6C E1        E_IRQ   DW    EMU
   202                        
   203 01:0000:              	ENDS
   204                        	END


      Lines assembled: 204
  Wed Jan  5 2022 21:39                                                Page 5


      Errors: 0
