  Wed Jul 27 2022 14:53                                                Page 1


                     ***************************************
                     **      WDC 65C816 Macro Assembler   **
                     **                                   **
                     **     Version 3.49.1- Feb  6 2006    **
                     ***************************************

     1                        	MACFIRST ON
     2                        COP	MACRO OP            ;co-processor
     3                        	IF OP>$FF
     4                        		EXIT "SIGNATURE MUST BE $00 - $FF"
     5                        	ENDIF
     6                        	DB $02, OP
     7                        	MACEND
     8                        	MACFIRST OFF
     9                        
    10                        
    11                        STARTUP SECTION
    12                        
    13                        ;;;;;;;;;;;;;;;;;;;;;;;;;;;;;;;;;;;;;;;
    14                        
    15                        
    16                        	ORG $02041c
    17 02:041C: C2 10        	REP		#$10    ;16 bit index
    18                        	LONGI 	ON
    19 02:041E: E2 20        	SEP		#$20    ;8 bit memory
    20                        	LONGA 	OFF
    21                        	
    22 02:0420: A9 01        	LDA 	#$01	;get bank of data
    23 02:0422: 48           	PHA
    24 02:0423: AB           	PLB	     		;set data bank register
    25                        
    26 02:0424: A2 00 00     	LDX		#$0000
    27                        
    28 02:0427: C2 20        	REP		#$20    ;16 bit memory
    29                        	LONGA 	ON
    30                        
    31 02:0429: A9 CD AB     	LDA		#$ABCD
    32                        	
    33                        LOOP:	
    34 02:042C: 9D 00 10     	STA		$1000,X
    35 02:042F: E8           	INX
    36 02:0430: E8           	INX
    37                        	
    38 02:0431: E0 08 00     	CPX		#$08
    39 02:0434: D0 F6        	BNE		LOOP
    40                        
    41                        FOREVER:	
    42                        	COP		$03
+   42                        	IF $03>$FF
+   42                        		EXIT 'SIGNATURE MUST BE $00 - $FF'
+   42                        	ENDIF
+   42 02:0436: 02 03        	DB $02, $03
    43 02:0438: 80 FC        	BRA		FOREVER


      Lines assembled: 47
      Errors: 0
